TimeStamp: Mon Sep 30 2019 01:24:28 GMT+0300 (GMT+03:00)

MessageType: Info
Event: onSessionCreated
Desription: 
	admin, session created.
---------------------------------------------------------
TimeStamp: Mon Sep 30 2019 01:24:40 GMT+0300 (GMT+03:00)

MessageType: Error
Event: Authorization Errors
Desription: 
	Application will close, server response 401.
Response: {"errorMessages":["Ошибка доступа"],"errors":{}}
---------------------------------------------------------
TimeStamp: Mon Sep 30 2019 12:43:48 GMT+0300 (GMT+03:00)

MessageType: Error
Event: Authorization Errors
Desription: 
	Application will close, server response 503.
Response: 
---------------------------------------------------------
TimeStamp: Mon Sep 30 2019 12:46:24 GMT+0300 (GMT+03:00)

MessageType: Error
Event: Authorization Errors
Desription: 
	
---------------------------------------------------------
TimeStamp: Mon Sep 30 2019 12:46:36 GMT+0300 (GMT+03:00)

MessageType: Info
Event: onSessionCreated
Desription: 
	admin, session created.
---------------------------------------------------------
TimeStamp: Mon Sep 30 2019 12:46:50 GMT+0300 (GMT+03:00)

MessageType: Info
Event: onSessionCreated
Desription: 
	admin, session created.
---------------------------------------------------------
TimeStamp: Mon Sep 30 2019 12:54:33 GMT+0300 (GMT+03:00)

MessageType: Info
Event: onSessionCreated
Desription: 
	admin, session created.
---------------------------------------------------------
TimeStamp: Mon Sep 30 2019 12:56:12 GMT+0300 (GMT+03:00)

MessageType: Info
Event: onSessionCreated
Desription: 
	admin, session created.
---------------------------------------------------------
TimeStamp: Mon Sep 30 2019 12:57:11 GMT+0300 (GMT+03:00)

MessageType: Info
Event: onSessionCreated
Desription: 
	admin, session created.
---------------------------------------------------------
TimeStamp: Mon Sep 30 2019 12:59:31 GMT+0300 (GMT+03:00)

MessageType: Info
Event: onSessionCreated
Desription: 
	admin, session created.
---------------------------------------------------------
TimeStamp: Mon Sep 30 2019 13:03:04 GMT+0300 (GMT+03:00)

MessageType: Info
Event: onSessionCreated
Desription: 
	admin, session created.
---------------------------------------------------------
TimeStamp: Mon Sep 30 2019 13:03:09 GMT+0300 (GMT+03:00)

MessageType: Error
Event: Authorization Errors
Desription: 
	Application will close, server response 401.
Response: [object Object]
---------------------------------------------------------
TimeStamp: Mon Sep 30 2019 13:03:22 GMT+0300 (GMT+03:00)

MessageType: Info
Event: onSessionCreated
Desription: 
	admin, session created.
---------------------------------------------------------
TimeStamp: Mon Sep 30 2019 13:09:24 GMT+0300 (GMT+03:00)

MessageType: Info
Event: onSessionCreated
Desription: 
	admin, session created.
---------------------------------------------------------
TimeStamp: Mon Sep 30 2019 13:14:03 GMT+0300 (GMT+03:00)

MessageType: Error
Event: Authorization Errors
Desription: 
	Application will close, server response 400.
Response: [object Object]
---------------------------------------------------------
TimeStamp: Mon Sep 30 2019 13:14:40 GMT+0300 (GMT+03:00)

MessageType: Info
Event: onSessionCreated
Desription: 
	admin, session created.
---------------------------------------------------------
TimeStamp: Mon Sep 30 2019 13:17:13 GMT+0300 (GMT+03:00)

MessageType: Info
Event: onSessionCreated
Desription: 
	admin, session created.
---------------------------------------------------------
TimeStamp: Mon Sep 30 2019 13:17:56 GMT+0300 (GMT+03:00)

MessageType: Info
Event: onSessionCreated
Desription: 
	admin, session created.
---------------------------------------------------------
TimeStamp: Mon Sep 30 2019 13:18:26 GMT+0300 (GMT+03:00)

MessageType: Info
Event: onSessionCreated
Desription: 
	admin, session created.
---------------------------------------------------------
TimeStamp: Mon Sep 30 2019 13:19:03 GMT+0300 (GMT+03:00)

MessageType: Info
Event: onSessionCreated
Desription: 
	admin, session created.
---------------------------------------------------------
TimeStamp: Mon Sep 30 2019 13:21:51 GMT+0300 (GMT+03:00)

MessageType: Info
Event: onSessionCreated
Desription: 
	admin, session created.
---------------------------------------------------------
TimeStamp: Mon Sep 30 2019 13:22:31 GMT+0300 (GMT+03:00)

MessageType: Info
Event: onSessionCreated
Desription: 
	admin, session created.
---------------------------------------------------------
TimeStamp: Mon Sep 30 2019 13:30:03 GMT+0300 (GMT+03:00)

MessageType: Info
Event: onSessionCreated
Desription: 
	admin, session created.
---------------------------------------------------------
TimeStamp: Mon Sep 30 2019 13:35:37 GMT+0300 (GMT+03:00)

MessageType: Info
Event: onSessionCreated
Desription: 
	User: 'admin'.
	AuthType: 'session' 
	Auth checked: 'true'
---------------------------------------------------------
TimeStamp: Mon Sep 30 2019 13:36:04 GMT+0300 (GMT+03:00)

MessageType: Info
Event: onSessionCreated
Desription: 
		User: 'admin'.
	AuthType: 'session' 
	Auth checked: 'true'
---------------------------------------------------------
TimeStamp: Mon Sep 30 2019 13:36:52 GMT+0300 (GMT+03:00)

MessageType: Info
Event: onSessionCreated
Desription: 
	User: 'admin'.
	AuthType: 'session' 
	Auth checked: 'true'
---------------------------------------------------------
TimeStamp: Mon Sep 30 2019 13:37:51 GMT+0300 (GMT+03:00)

MessageType: Info
Event: onSessionCreated
Desription: 
	User: 'admin'.
	AuthType: 'session' 
	Auth checked: 'true'
---------------------------------------------------------
TimeStamp: Mon Sep 30 2019 13:38:12 GMT+0300 (GMT+03:00)

MessageType: Info
Event: onSessionCreated
Desription: 
	User: 'admin'.
	AuthType: 'session' 
	Auth checked: 'true'
---------------------------------------------------------
TimeStamp: Mon Sep 30 2019 13:40:15 GMT+0300 (GMT+03:00)

MessageType: Info
Event: onSessionCreated
Desription: 
	User: 'admin'.
	AuthType: 'session' 
	Auth checked: 'true'
---------------------------------------------------------
TimeStamp: Mon Sep 30 2019 13:40:57 GMT+0300 (GMT+03:00)

MessageType: Info
Event: onSessionCreated
Desription: 
	User: 'admin'.
	AuthType: 'session' 
	Auth checked: 'true'
---------------------------------------------------------
TimeStamp: Mon Sep 30 2019 13:41:16 GMT+0300 (GMT+03:00)

MessageType: Info
Event: onSessionCreated
Desription: 
	User: 'admin'.
	AuthType: 'session' 
	Auth checked: 'true'
---------------------------------------------------------
TimeStamp: Mon Sep 30 2019 13:41:30 GMT+0300 (GMT+03:00)

MessageType: Info
Event: onSessionCreated
Desription: 
	User: 'admin'.
	AuthType: 'session' 
	Auth checked: 'true'
---------------------------------------------------------
TimeStamp: Mon Sep 30 2019 13:41:51 GMT+0300 (GMT+03:00)

MessageType: Info
Event: onSessionCreated
Desription: 
	User: 'admin'.
	AuthType: 'session' 
	Auth checked: 'true'
---------------------------------------------------------
TimeStamp: Mon Sep 30 2019 13:52:07 GMT+0300 (GMT+03:00)

MessageType: Info
Event: onSessionCreated
Desription: 
	User: 'admin'.
	AuthType: 'session' 
	Auth checked: 'true'
---------------------------------------------------------
TimeStamp: Mon Sep 30 2019 13:54:04 GMT+0300 (GMT+03:00)

MessageType: Info
Event: onSessionCreated
Desription: 
	User: 'admin'.
	AuthType: 'session' 
	Auth checked: 'true'
---------------------------------------------------------
TimeStamp: Mon Sep 30 2019 13:55:28 GMT+0300 (GMT+03:00)

MessageType: Info
Event: onSessionCreated
Desription: 
	User: 'admin'.
	AuthType: 'session' 
	Auth checked: 'true'
---------------------------------------------------------
TimeStamp: Mon Sep 30 2019 14:01:47 GMT+0300 (GMT+03:00)

MessageType: Info
Event: onSessionCreated
Desription: 
	User: 'admin'.
	AuthType: 'session' 
	Auth checked: 'true'
---------------------------------------------------------
